INFO:app.patches.dns_patch:DNS patch applied successfully
INFO:app.patches.ssl_patch:SSL patch applied successfully
INFO:app:SSL patch applied successfully
INFO:app:Cache initialized successfully
Server initialized for eventlet.
INFO:engineio.server:Server initialized for eventlet.
INFO:app.routes.payments_api:Payments API initialized
INFO:app:Metrics API initialized
INFO:app:Analytics middleware initialized
INFO:httpx:HTTP Request: POST https://oauth2.googleapis.com/token "HTTP/1.1 200 OK"
INFO:app.patches.dns_patch:Resolved sheets.googleapis.com to 142.251.40.138 using Google DNS
INFO:root:\u2705 Google services initialized (яюя√Єър 1)
INFO:app:Google services successfully initialized
INFO:app:Successfully validated access to Google Sheets
Server initialized for eventlet.
INFO:engineio.server:Server initialized for eventlet.
(11648) wsgi starting up on http://0.0.0.0:5000
(11648) accepted ('127.0.0.1', 57775)
IwmP__5yGK58ZvC2AAAA: Sending packet OPEN data {'sid': 'IwmP__5yGK58ZvC2AAAA', 'upgrades': [], 'pingTimeout': 60000, 'pingInterval': 25000, 'maxPayload': 1000000}
INFO:engineio.server:IwmP__5yGK58ZvC2AAAA: Sending packet OPEN data {'sid': 'IwmP__5yGK58ZvC2AAAA', 'upgrades': [], 'pingTimeout': 60000, 'pingInterval': 25000, 'maxPayload': 1000000}
IwmP__5yGK58ZvC2AAAA: Received request to upgrade to websocket
INFO:engineio.server:IwmP__5yGK58ZvC2AAAA: Received request to upgrade to websocket
IwmP__5yGK58ZvC2AAAA: Upgrade to websocket successful
INFO:engineio.server:IwmP__5yGK58ZvC2AAAA: Upgrade to websocket successful
IwmP__5yGK58ZvC2AAAA: Received packet MESSAGE data 0{"csrf_token":"IjRkYTQ5Y2Y5MmMxNjQwYjQ1OGY5NjlkYjQ0MTkxYzc0MjI5MjM3ZTQi.aS1VQA.NrhVtSbN91q9PSkOs8emEg6efwU"}
INFO:engineio.server:IwmP__5yGK58ZvC2AAAA: Received packet MESSAGE data 0{"csrf_token":"IjRkYTQ5Y2Y5MmMxNjQwYjQ1OGY5NjlkYjQ0MTkxYzc0MjI5MjM3ZTQi.aS1VQA.NrhVtSbN91q9PSkOs8emEg6efwU"}
INFO:app:WebSocket connection accepted with valid CSRF token
IwmP__5yGK58ZvC2AAAA: Sending packet MESSAGE data 0{"sid":"HZX1edeU0E6CjsLlAAAB"}
INFO:engineio.server:IwmP__5yGK58ZvC2AAAA: Sending packet MESSAGE data 0{"sid":"HZX1edeU0E6CjsLlAAAB"}
IwmP__5yGK58ZvC2AAAA: Received packet MESSAGE data 2["message",{"csrf_token":"IjRkYTQ5Y2Y5MmMxNjQwYjQ1OGY5NjlkYjQ0MTkxYzc0MjI5MjM3ZTQi.aS1VQA.NrhVtSbN91q9PSkOs8emEg6efwU"}]
INFO:engineio.server:IwmP__5yGK58ZvC2AAAA: Received packet MESSAGE data 2["message",{"csrf_token":"IjRkYTQ5Y2Y5MmMxNjQwYjQ1OGY5NjlkYjQ0MTkxYzc0MjI5MjM3ZTQi.aS1VQA.NrhVtSbN91q9PSkOs8emEg6efwU"}]
received event "message" from HZX1edeU0E6CjsLlAAAB [/]
INFO:socketio.server:received event "message" from HZX1edeU0E6CjsLlAAAB [/]
INFO:app:CSRF token validated from message
(11648) accepted ('127.0.0.1', 57790)
xhWre6iPzMSj_IhmAAAC: Sending packet OPEN data {'sid': 'xhWre6iPzMSj_IhmAAAC', 'upgrades': [], 'pingTimeout': 60000, 'pingInterval': 25000, 'maxPayload': 1000000}
INFO:engineio.server:xhWre6iPzMSj_IhmAAAC: Sending packet OPEN data {'sid': 'xhWre6iPzMSj_IhmAAAC', 'upgrades': [], 'pingTimeout': 60000, 'pingInterval': 25000, 'maxPayload': 1000000}
xhWre6iPzMSj_IhmAAAC: Received request to upgrade to websocket
INFO:engineio.server:xhWre6iPzMSj_IhmAAAC: Received request to upgrade to websocket
xhWre6iPzMSj_IhmAAAC: Upgrade to websocket successful
INFO:engineio.server:xhWre6iPzMSj_IhmAAAC: Upgrade to websocket successful
xhWre6iPzMSj_IhmAAAC: Received packet MESSAGE data 0{"csrf_token":"IjRkYTQ5Y2Y5MmMxNjQwYjQ1OGY5NjlkYjQ0MTkxYzc0MjI5MjM3ZTQi.aS1VQA.NrhVtSbN91q9PSkOs8emEg6efwU"}
INFO:engineio.server:xhWre6iPzMSj_IhmAAAC: Received packet MESSAGE data 0{"csrf_token":"IjRkYTQ5Y2Y5MmMxNjQwYjQ1OGY5NjlkYjQ0MTkxYzc0MjI5MjM3ZTQi.aS1VQA.NrhVtSbN91q9PSkOs8emEg6efwU"}
INFO:app:WebSocket connection accepted with valid CSRF token
xhWre6iPzMSj_IhmAAAC: Sending packet MESSAGE data 0{"sid":"OMbHz3WSyykodIs-AAAD"}
INFO:engineio.server:xhWre6iPzMSj_IhmAAAC: Sending packet MESSAGE data 0{"sid":"OMbHz3WSyykodIs-AAAD"}
xhWre6iPzMSj_IhmAAAC: Received packet MESSAGE data 2["message",{"csrf_token":"IjRkYTQ5Y2Y5MmMxNjQwYjQ1OGY5NjlkYjQ0MTkxYzc0MjI5MjM3ZTQi.aS1VQA.NrhVtSbN91q9PSkOs8emEg6efwU"}]
INFO:engineio.server:xhWre6iPzMSj_IhmAAAC: Received packet MESSAGE data 2["message",{"csrf_token":"IjRkYTQ5Y2Y5MmMxNjQwYjQ1OGY5NjlkYjQ0MTkxYzc0MjI5MjM3ZTQi.aS1VQA.NrhVtSbN91q9PSkOs8emEg6efwU"}]
received event "message" from OMbHz3WSyykodIs-AAAD [/]
INFO:socketio.server:received event "message" from OMbHz3WSyykodIs-AAAD [/]
INFO:app:CSRF token validated from message
IwmP__5yGK58ZvC2AAAA: Sending packet PING data None
INFO:engineio.server:IwmP__5yGK58ZvC2AAAA: Sending packet PING data None
IwmP__5yGK58ZvC2AAAA: Received packet PONG data 
INFO:engineio.server:IwmP__5yGK58ZvC2AAAA: Received packet PONG data 
xhWre6iPzMSj_IhmAAAC: Sending packet PING data None
INFO:engineio.server:xhWre6iPzMSj_IhmAAAC: Sending packet PING data None
xhWre6iPzMSj_IhmAAAC: Received packet PONG data 
INFO:engineio.server:xhWre6iPzMSj_IhmAAAC: Received packet PONG data 
IwmP__5yGK58ZvC2AAAA: Sending packet PING data None
INFO:engineio.server:IwmP__5yGK58ZvC2AAAA: Sending packet PING data None
IwmP__5yGK58ZvC2AAAA: Received packet PONG data 
INFO:engineio.server:IwmP__5yGK58ZvC2AAAA: Received packet PONG data 
xhWre6iPzMSj_IhmAAAC: Sending packet PING data None
INFO:engineio.server:xhWre6iPzMSj_IhmAAAC: Sending packet PING data None
xhWre6iPzMSj_IhmAAAC: Received packet PONG data 
INFO:engineio.server:xhWre6iPzMSj_IhmAAAC: Received packet PONG data 
(11648) accepted ('127.0.0.1', 57959)
127.0.0.1 - - [01/Dec/2025 11:48:41] "GET /api/csrf-token HTTP/1.1" 200 1750 0.065364
INFO:app:╟ряЁюё ёыюЄют эр фрЄє: 2025-12-02
INFO:app:
==================================================
╟└╧╨╬╤ ╤╦╬╥╬┬
==================================================
INFO:app:╟ряЁю°хээр  фрЄр: 2025-12-02
INFO:app:╚ёяюы№чєхЄё  SPREADSHEET_ID: 1kyNQVjeLLe4Ra6oWuf84fHqSjUlWXI8MakVMOrCgic0
INFO:app:╚ёяюы№чєхЄё  ёхЁтшёэ√щ ръърєэЄ: E:\╧ЁюхъЄ√ MyWave\Site_MyWave\configs\service_account.json
INFO:app:\u2705 ╧юфъы■ўхэшх ъ Google API єёЄрэютыхэю
INFO:app:
==================================================
INFO:app:─╚└├═╬╤╥╚╩└ ╤╦╬╥╬┬
INFO:app:==================================================
INFO:app:╟ряЁю°хээр  фрЄр: 2025-12-02
INFO:app:─хэ№ эхфхыш (ёшёЄхьэ√щ): tuesday
INFO:app:╧юя√Єър ўЄхэш  ышёЄр Schedule...
INFO:app:\u2705 ─юёЄєя ъ ЄрсышЎх яюфЄтхЁцфхэ
INFO:app.services.google_sheets_service:
==================================================
╫╥┼═╚┼ GOOGLE SHEETS
==================================================
INFO:app.services.google_sheets_service:Spreadsheet ID: 1kyNQVjeLLe4Ra6oWuf84fHqSjUlWXI8MakVMOrCgic0
INFO:app.services.google_sheets_service:Worksheet: Schedule
INFO:app.services.google_sheets_service:Sheets service яюыєўхэ єёях°эю
INFO:app.services.google_sheets_service:╟ряЁр°штрхь фшрярчюэ: 'Schedule'!A1:Z1000
INFO:app.services.google_sheets_service:─юёЄєяэ√х ышёЄ√: Clients, Dialog_History, Workouts, Catalog_Services, Catalog_Products, Catalog_Posts, Catalog_Events, Calculator_Results, events_calendar, Client_Workouts, Subscriptions, Sales_Deals, Marketing_Campaigns, Media_Files, Bot_Events, Inventory, Analitycs, Scripts_Library, Feedback_Reviews, Schedule, analytics_statistics, safari_bookings, api_calls
INFO:app.services.google_sheets_service:╟ряЁюё ъ API т√яюыэхэ єёях°эю
INFO:app:╧ЁюўшЄрэю чряшёхщ шч Schedule: 28
INFO:app:╙ёях°эю юсЁрсюЄрэю 28 чряшёхщ Ёрёяшёрэш 
INFO:app.services.google_sheets_service:
==================================================
╫╥┼═╚┼ GOOGLE SHEETS
==================================================
INFO:app.services.google_sheets_service:Spreadsheet ID: 1kyNQVjeLLe4Ra6oWuf84fHqSjUlWXI8MakVMOrCgic0
INFO:app.services.google_sheets_service:Worksheet: Client_Workouts
INFO:app.services.google_sheets_service:Sheets service яюыєўхэ єёях°эю
INFO:app.services.google_sheets_service:╟ряЁр°штрхь фшрярчюэ: 'Client_Workouts'!A1:Z1000
INFO:app.services.google_sheets_service:─юёЄєяэ√х ышёЄ√: Clients, Dialog_History, Workouts, Catalog_Services, Catalog_Products, Catalog_Posts, Catalog_Events, Calculator_Results, events_calendar, Client_Workouts, Subscriptions, Sales_Deals, Marketing_Campaigns, Media_Files, Bot_Events, Inventory, Analitycs, Scripts_Library, Feedback_Reviews, Schedule, analytics_statistics, safari_bookings, api_calls
INFO:app.services.google_sheets_service:╟ряЁюё ъ API т√яюыэхэ єёях°эю
INFO:app:
┴╨╬═╚╨╬┬└═╚▀ эр 2025-12-02
INFO:app:═рщфхэю 4 сЁюэхщ
INFO:app:═рщфхэю 4 ёыюЄют эр 2025-12-02
127.0.0.1 - - [01/Dec/2025 11:48:43] "GET /api/calendar/slots/2025-12-02 HTTP/1.1" 200 1827 2.037293
127.0.0.1 - - [01/Dec/2025 11:48:59] "GET /api/csrf-token HTTP/1.1" 200 1750 0.001997
127.0.0.1 - - [01/Dec/2025 11:48:59] "GET /api/csrf-token HTTP/1.1" 200 1750 0.002998
INFO:app:[booking] ┬їюф ∙шх фрээ√х яюёых трышфрЎшш: name=╠рЁшэр phone=+79160117179 date=2025-12-02 time=15:00
IwmP__5yGK58ZvC2AAAA: Sending packet PING data None
INFO:engineio.server:IwmP__5yGK58ZvC2AAAA: Sending packet PING data None
IwmP__5yGK58ZvC2AAAA: Received packet PONG data 
INFO:engineio.server:IwmP__5yGK58ZvC2AAAA: Received packet PONG data 
xhWre6iPzMSj_IhmAAAC: Sending packet PING data None
INFO:engineio.server:xhWre6iPzMSj_IhmAAAC: Sending packet PING data None
xhWre6iPzMSj_IhmAAAC: Received packet PONG data 
INFO:engineio.server:xhWre6iPzMSj_IhmAAAC: Received packet PONG data 
IwmP__5yGK58ZvC2AAAA: Sending packet PING data None
INFO:engineio.server:IwmP__5yGK58ZvC2AAAA: Sending packet PING data None
IwmP__5yGK58ZvC2AAAA: Received packet PONG data 
INFO:engineio.server:IwmP__5yGK58ZvC2AAAA: Received packet PONG data 
xhWre6iPzMSj_IhmAAAC: Sending packet PING data None
INFO:engineio.server:xhWre6iPzMSj_IhmAAAC: Sending packet PING data None
xhWre6iPzMSj_IhmAAAC: Received packet PONG data 
INFO:engineio.server:xhWre6iPzMSj_IhmAAAC: Received packet PONG data 
IwmP__5yGK58ZvC2AAAA: Sending packet PING data None
INFO:engineio.server:IwmP__5yGK58ZvC2AAAA: Sending packet PING data None
IwmP__5yGK58ZvC2AAAA: Received packet PONG data 
INFO:engineio.server:IwmP__5yGK58ZvC2AAAA: Received packet PONG data 
xhWre6iPzMSj_IhmAAAC: Sending packet PING data None
INFO:engineio.server:xhWre6iPzMSj_IhmAAAC: Sending packet PING data None
xhWre6iPzMSj_IhmAAAC: Received packet PONG data 
INFO:engineio.server:xhWre6iPzMSj_IhmAAAC: Received packet PONG data 
IwmP__5yGK58ZvC2AAAA: Sending packet PING data None
INFO:engineio.server:IwmP__5yGK58ZvC2AAAA: Sending packet PING data None
IwmP__5yGK58ZvC2AAAA: Received packet PONG data 
INFO:engineio.server:IwmP__5yGK58ZvC2AAAA: Received packet PONG data 
xhWre6iPzMSj_IhmAAAC: Sending packet PING data None
INFO:engineio.server:xhWre6iPzMSj_IhmAAAC: Sending packet PING data None
xhWre6iPzMSj_IhmAAAC: Received packet PONG data 
INFO:engineio.server:xhWre6iPzMSj_IhmAAAC: Received packet PONG data 
IwmP__5yGK58ZvC2AAAA: Sending packet PING data None
INFO:engineio.server:IwmP__5yGK58ZvC2AAAA: Sending packet PING data None
IwmP__5yGK58ZvC2AAAA: Received packet PONG data 
INFO:engineio.server:IwmP__5yGK58ZvC2AAAA: Received packet PONG data 
xhWre6iPzMSj_IhmAAAC: Sending packet PING data None
INFO:engineio.server:xhWre6iPzMSj_IhmAAAC: Sending packet PING data None
xhWre6iPzMSj_IhmAAAC: Received packet PONG data 
INFO:engineio.server:xhWre6iPzMSj_IhmAAAC: Received packet PONG data 
(11648) accepted ('127.0.0.1', 58311)
127.0.0.1 - - [01/Dec/2025 11:50:58] "GET /api/csrf-token HTTP/1.1" 200 1750 0.002717
INFO:app:╟ряЁюё ёыюЄют эр фрЄє: 2025-12-03
IwmP__5yGK58ZvC2AAAA: Sending packet PING data None
INFO:engineio.server:IwmP__5yGK58ZvC2AAAA: Sending packet PING data None
IwmP__5yGK58ZvC2AAAA: Received packet PONG data 
INFO:engineio.server:IwmP__5yGK58ZvC2AAAA: Received packet PONG data 
xhWre6iPzMSj_IhmAAAC: Sending packet PING data None
INFO:engineio.server:xhWre6iPzMSj_IhmAAAC: Sending packet PING data None
xhWre6iPzMSj_IhmAAAC: Received packet PONG data 
INFO:engineio.server:xhWre6iPzMSj_IhmAAAC: Received packet PONG data 
IwmP__5yGK58ZvC2AAAA: Sending packet PING data None
INFO:engineio.server:IwmP__5yGK58ZvC2AAAA: Sending packet PING data None
IwmP__5yGK58ZvC2AAAA: Received packet PONG data 
INFO:engineio.server:IwmP__5yGK58ZvC2AAAA: Received packet PONG data 
xhWre6iPzMSj_IhmAAAC: Sending packet PING data None
INFO:engineio.server:xhWre6iPzMSj_IhmAAAC: Sending packet PING data None
xhWre6iPzMSj_IhmAAAC: Received packet PONG data 
INFO:engineio.server:xhWre6iPzMSj_IhmAAAC: Received packet PONG data 
IwmP__5yGK58ZvC2AAAA: Sending packet PING data None
INFO:engineio.server:IwmP__5yGK58ZvC2AAAA: Sending packet PING data None
IwmP__5yGK58ZvC2AAAA: Received packet PONG data 
INFO:engineio.server:IwmP__5yGK58ZvC2AAAA: Received packet PONG data 
xhWre6iPzMSj_IhmAAAC: Sending packet PING data None
INFO:engineio.server:xhWre6iPzMSj_IhmAAAC: Sending packet PING data None
xhWre6iPzMSj_IhmAAAC: Received packet PONG data 
INFO:engineio.server:xhWre6iPzMSj_IhmAAAC: Received packet PONG data 
IwmP__5yGK58ZvC2AAAA: Sending packet PING data None
INFO:engineio.server:IwmP__5yGK58ZvC2AAAA: Sending packet PING data None
IwmP__5yGK58ZvC2AAAA: Received packet PONG data 
INFO:engineio.server:IwmP__5yGK58ZvC2AAAA: Received packet PONG data 
xhWre6iPzMSj_IhmAAAC: Sending packet PING data None
INFO:engineio.server:xhWre6iPzMSj_IhmAAAC: Sending packet PING data None
xhWre6iPzMSj_IhmAAAC: Received packet PONG data 
INFO:engineio.server:xhWre6iPzMSj_IhmAAAC: Received packet PONG data 
IwmP__5yGK58ZvC2AAAA: Sending packet PING data None
INFO:engineio.server:IwmP__5yGK58ZvC2AAAA: Sending packet PING data None
IwmP__5yGK58ZvC2AAAA: Received packet PONG data 
INFO:engineio.server:IwmP__5yGK58ZvC2AAAA: Received packet PONG data 
xhWre6iPzMSj_IhmAAAC: Sending packet PING data None
INFO:engineio.server:xhWre6iPzMSj_IhmAAAC: Sending packet PING data None
xhWre6iPzMSj_IhmAAAC: Received packet PONG data 
INFO:engineio.server:xhWre6iPzMSj_IhmAAAC: Received packet PONG data 
IwmP__5yGK58ZvC2AAAA: Sending packet PING data None
INFO:engineio.server:IwmP__5yGK58ZvC2AAAA: Sending packet PING data None
IwmP__5yGK58ZvC2AAAA: Received packet PONG data 
INFO:engineio.server:IwmP__5yGK58ZvC2AAAA: Received packet PONG data 
xhWre6iPzMSj_IhmAAAC: Sending packet PING data None
INFO:engineio.server:xhWre6iPzMSj_IhmAAAC: Sending packet PING data None
xhWre6iPzMSj_IhmAAAC: Received packet PONG data 
INFO:engineio.server:xhWre6iPzMSj_IhmAAAC: Received packet PONG data 
IwmP__5yGK58ZvC2AAAA: Sending packet PING data None
INFO:engineio.server:IwmP__5yGK58ZvC2AAAA: Sending packet PING data None
IwmP__5yGK58ZvC2AAAA: Received packet PONG data 
INFO:engineio.server:IwmP__5yGK58ZvC2AAAA: Received packet PONG data 
xhWre6iPzMSj_IhmAAAC: Sending packet PING data None
INFO:engineio.server:xhWre6iPzMSj_IhmAAAC: Sending packet PING data None
xhWre6iPzMSj_IhmAAAC: Received packet PONG data 
INFO:engineio.server:xhWre6iPzMSj_IhmAAAC: Received packet PONG data 
IwmP__5yGK58ZvC2AAAA: Sending packet PING data None
INFO:engineio.server:IwmP__5yGK58ZvC2AAAA: Sending packet PING data None
IwmP__5yGK58ZvC2AAAA: Received packet PONG data 
INFO:engineio.server:IwmP__5yGK58ZvC2AAAA: Received packet PONG data 
xhWre6iPzMSj_IhmAAAC: Sending packet PING data None
INFO:engineio.server:xhWre6iPzMSj_IhmAAAC: Sending packet PING data None
xhWre6iPzMSj_IhmAAAC: Received packet PONG data 
INFO:engineio.server:xhWre6iPzMSj_IhmAAAC: Received packet PONG data 
IwmP__5yGK58ZvC2AAAA: Sending packet PING data None
INFO:engineio.server:IwmP__5yGK58ZvC2AAAA: Sending packet PING data None
IwmP__5yGK58ZvC2AAAA: Received packet PONG data 
INFO:engineio.server:IwmP__5yGK58ZvC2AAAA: Received packet PONG data 
xhWre6iPzMSj_IhmAAAC: Sending packet PING data None
INFO:engineio.server:xhWre6iPzMSj_IhmAAAC: Sending packet PING data None
xhWre6iPzMSj_IhmAAAC: Received packet PONG data 
INFO:engineio.server:xhWre6iPzMSj_IhmAAAC: Received packet PONG data 
IwmP__5yGK58ZvC2AAAA: Sending packet PING data None
INFO:engineio.server:IwmP__5yGK58ZvC2AAAA: Sending packet PING data None
IwmP__5yGK58ZvC2AAAA: Received packet PONG data 
INFO:engineio.server:IwmP__5yGK58ZvC2AAAA: Received packet PONG data 
xhWre6iPzMSj_IhmAAAC: Sending packet PING data None
INFO:engineio.server:xhWre6iPzMSj_IhmAAAC: Sending packet PING data None
xhWre6iPzMSj_IhmAAAC: Received packet PONG data 
INFO:engineio.server:xhWre6iPzMSj_IhmAAAC: Received packet PONG data 
IwmP__5yGK58ZvC2AAAA: Sending packet PING data None
INFO:engineio.server:IwmP__5yGK58ZvC2AAAA: Sending packet PING data None
IwmP__5yGK58ZvC2AAAA: Received packet PONG data 
INFO:engineio.server:IwmP__5yGK58ZvC2AAAA: Received packet PONG data 
xhWre6iPzMSj_IhmAAAC: Sending packet PING data None
INFO:engineio.server:xhWre6iPzMSj_IhmAAAC: Sending packet PING data None
xhWre6iPzMSj_IhmAAAC: Received packet PONG data 
INFO:engineio.server:xhWre6iPzMSj_IhmAAAC: Received packet PONG data 
(11648) accepted ('127.0.0.1', 58829)
127.0.0.1 - - [01/Dec/2025 11:55:17] "GET /api/csrf-token HTTP/1.1" 200 1750 0.002000
INFO:app:╟ряЁюё ёыюЄют эр фрЄє: 2025-12-11
IwmP__5yGK58ZvC2AAAA: Sending packet PING data None
INFO:engineio.server:IwmP__5yGK58ZvC2AAAA: Sending packet PING data None
IwmP__5yGK58ZvC2AAAA: Received packet PONG data 
INFO:engineio.server:IwmP__5yGK58ZvC2AAAA: Received packet PONG data 
xhWre6iPzMSj_IhmAAAC: Sending packet PING data None
INFO:engineio.server:xhWre6iPzMSj_IhmAAAC: Sending packet PING data None
xhWre6iPzMSj_IhmAAAC: Received packet PONG data 
INFO:engineio.server:xhWre6iPzMSj_IhmAAAC: Received packet PONG data 
IwmP__5yGK58ZvC2AAAA: Sending packet PING data None
INFO:engineio.server:IwmP__5yGK58ZvC2AAAA: Sending packet PING data None
IwmP__5yGK58ZvC2AAAA: Received packet PONG data 
INFO:engineio.server:IwmP__5yGK58ZvC2AAAA: Received packet PONG data 
xhWre6iPzMSj_IhmAAAC: Sending packet PING data None
INFO:engineio.server:xhWre6iPzMSj_IhmAAAC: Sending packet PING data None
xhWre6iPzMSj_IhmAAAC: Received packet PONG data 
INFO:engineio.server:xhWre6iPzMSj_IhmAAAC: Received packet PONG data 
IwmP__5yGK58ZvC2AAAA: Sending packet PING data None
INFO:engineio.server:IwmP__5yGK58ZvC2AAAA: Sending packet PING data None
IwmP__5yGK58ZvC2AAAA: Received packet PONG data 
INFO:engineio.server:IwmP__5yGK58ZvC2AAAA: Received packet PONG data 
xhWre6iPzMSj_IhmAAAC: Sending packet PING data None
INFO:engineio.server:xhWre6iPzMSj_IhmAAAC: Sending packet PING data None
xhWre6iPzMSj_IhmAAAC: Received packet PONG data 
INFO:engineio.server:xhWre6iPzMSj_IhmAAAC: Received packet PONG data 
IwmP__5yGK58ZvC2AAAA: Sending packet PING data None
INFO:engineio.server:IwmP__5yGK58ZvC2AAAA: Sending packet PING data None
IwmP__5yGK58ZvC2AAAA: Received packet PONG data 
INFO:engineio.server:IwmP__5yGK58ZvC2AAAA: Received packet PONG data 
xhWre6iPzMSj_IhmAAAC: Sending packet PING data None
INFO:engineio.server:xhWre6iPzMSj_IhmAAAC: Sending packet PING data None
xhWre6iPzMSj_IhmAAAC: Received packet PONG data 
INFO:engineio.server:xhWre6iPzMSj_IhmAAAC: Received packet PONG data 
IwmP__5yGK58ZvC2AAAA: Sending packet PING data None
INFO:engineio.server:IwmP__5yGK58ZvC2AAAA: Sending packet PING data None
IwmP__5yGK58ZvC2AAAA: Received packet PONG data 
INFO:engineio.server:IwmP__5yGK58ZvC2AAAA: Received packet PONG data 
xhWre6iPzMSj_IhmAAAC: Sending packet PING data None
INFO:engineio.server:xhWre6iPzMSj_IhmAAAC: Sending packet PING data None
xhWre6iPzMSj_IhmAAAC: Received packet PONG data 
INFO:engineio.server:xhWre6iPzMSj_IhmAAAC: Received packet PONG data 
IwmP__5yGK58ZvC2AAAA: Sending packet PING data None
INFO:engineio.server:IwmP__5yGK58ZvC2AAAA: Sending packet PING data None
IwmP__5yGK58ZvC2AAAA: Received packet PONG data 
INFO:engineio.server:IwmP__5yGK58ZvC2AAAA: Received packet PONG data 
xhWre6iPzMSj_IhmAAAC: Sending packet PING data None
INFO:engineio.server:xhWre6iPzMSj_IhmAAAC: Sending packet PING data None
xhWre6iPzMSj_IhmAAAC: Received packet PONG data 
INFO:engineio.server:xhWre6iPzMSj_IhmAAAC: Received packet PONG data 
IwmP__5yGK58ZvC2AAAA: Sending packet PING data None
INFO:engineio.server:IwmP__5yGK58ZvC2AAAA: Sending packet PING data None
IwmP__5yGK58ZvC2AAAA: Received packet PONG data 
INFO:engineio.server:IwmP__5yGK58ZvC2AAAA: Received packet PONG data 
xhWre6iPzMSj_IhmAAAC: Sending packet PING data None
INFO:engineio.server:xhWre6iPzMSj_IhmAAAC: Sending packet PING data None
xhWre6iPzMSj_IhmAAAC: Received packet PONG data 
INFO:engineio.server:xhWre6iPzMSj_IhmAAAC: Received packet PONG data 
IwmP__5yGK58ZvC2AAAA: Sending packet PING data None
INFO:engineio.server:IwmP__5yGK58ZvC2AAAA: Sending packet PING data None
IwmP__5yGK58ZvC2AAAA: Received packet PONG data 
INFO:engineio.server:IwmP__5yGK58ZvC2AAAA: Received packet PONG data 
xhWre6iPzMSj_IhmAAAC: Sending packet PING data None
INFO:engineio.server:xhWre6iPzMSj_IhmAAAC: Sending packet PING data None
xhWre6iPzMSj_IhmAAAC: Received packet PONG data 
INFO:engineio.server:xhWre6iPzMSj_IhmAAAC: Received packet PONG data 
IwmP__5yGK58ZvC2AAAA: Sending packet PING data None
INFO:engineio.server:IwmP__5yGK58ZvC2AAAA: Sending packet PING data None
IwmP__5yGK58ZvC2AAAA: Received packet PONG data 
INFO:engineio.server:IwmP__5yGK58ZvC2AAAA: Received packet PONG data 
xhWre6iPzMSj_IhmAAAC: Sending packet PING data None
INFO:engineio.server:xhWre6iPzMSj_IhmAAAC: Sending packet PING data None
xhWre6iPzMSj_IhmAAAC: Received packet PONG data 
INFO:engineio.server:xhWre6iPzMSj_IhmAAAC: Received packet PONG data 
IwmP__5yGK58ZvC2AAAA: Sending packet PING data None
INFO:engineio.server:IwmP__5yGK58ZvC2AAAA: Sending packet PING data None
IwmP__5yGK58ZvC2AAAA: Received packet PONG data 
INFO:engineio.server:IwmP__5yGK58ZvC2AAAA: Received packet PONG data 
xhWre6iPzMSj_IhmAAAC: Sending packet PING data None
INFO:engineio.server:xhWre6iPzMSj_IhmAAAC: Sending packet PING data None
xhWre6iPzMSj_IhmAAAC: Received packet PONG data 
INFO:engineio.server:xhWre6iPzMSj_IhmAAAC: Received packet PONG data 
IwmP__5yGK58ZvC2AAAA: Sending packet PING data None
INFO:engineio.server:IwmP__5yGK58ZvC2AAAA: Sending packet PING data None
IwmP__5yGK58ZvC2AAAA: Received packet PONG data 
INFO:engineio.server:IwmP__5yGK58ZvC2AAAA: Received packet PONG data 
xhWre6iPzMSj_IhmAAAC: Sending packet PING data None
INFO:engineio.server:xhWre6iPzMSj_IhmAAAC: Sending packet PING data None
xhWre6iPzMSj_IhmAAAC: Received packet PONG data 
INFO:engineio.server:xhWre6iPzMSj_IhmAAAC: Received packet PONG data 
IwmP__5yGK58ZvC2AAAA: Sending packet PING data None
INFO:engineio.server:IwmP__5yGK58ZvC2AAAA: Sending packet PING data None
IwmP__5yGK58ZvC2AAAA: Received packet PONG data 
INFO:engineio.server:IwmP__5yGK58ZvC2AAAA: Received packet PONG data 
xhWre6iPzMSj_IhmAAAC: Sending packet PING data None
INFO:engineio.server:xhWre6iPzMSj_IhmAAAC: Sending packet PING data None
xhWre6iPzMSj_IhmAAAC: Received packet PONG data 
INFO:engineio.server:xhWre6iPzMSj_IhmAAAC: Received packet PONG data 
IwmP__5yGK58ZvC2AAAA: Sending packet PING data None
INFO:engineio.server:IwmP__5yGK58ZvC2AAAA: Sending packet PING data None
IwmP__5yGK58ZvC2AAAA: Received packet PONG data 
INFO:engineio.server:IwmP__5yGK58ZvC2AAAA: Received packet PONG data 
xhWre6iPzMSj_IhmAAAC: Sending packet PING data None
INFO:engineio.server:xhWre6iPzMSj_IhmAAAC: Sending packet PING data None
xhWre6iPzMSj_IhmAAAC: Received packet PONG data 
INFO:engineio.server:xhWre6iPzMSj_IhmAAAC: Received packet PONG data 
IwmP__5yGK58ZvC2AAAA: Sending packet PING data None
INFO:engineio.server:IwmP__5yGK58ZvC2AAAA: Sending packet PING data None
IwmP__5yGK58ZvC2AAAA: Received packet PONG data 
INFO:engineio.server:IwmP__5yGK58ZvC2AAAA: Received packet PONG data 
xhWre6iPzMSj_IhmAAAC: Sending packet PING data None
INFO:engineio.server:xhWre6iPzMSj_IhmAAAC: Sending packet PING data None
xhWre6iPzMSj_IhmAAAC: Received packet PONG data 
INFO:engineio.server:xhWre6iPzMSj_IhmAAAC: Received packet PONG data 
IwmP__5yGK58ZvC2AAAA: Sending packet PING data None
INFO:engineio.server:IwmP__5yGK58ZvC2AAAA: Sending packet PING data None
IwmP__5yGK58ZvC2AAAA: Received packet PONG data 
INFO:engineio.server:IwmP__5yGK58ZvC2AAAA: Received packet PONG data 
xhWre6iPzMSj_IhmAAAC: Sending packet PING data None
INFO:engineio.server:xhWre6iPzMSj_IhmAAAC: Sending packet PING data None
xhWre6iPzMSj_IhmAAAC: Received packet PONG data 
INFO:engineio.server:xhWre6iPzMSj_IhmAAAC: Received packet PONG data 
IwmP__5yGK58ZvC2AAAA: Sending packet PING data None
INFO:engineio.server:IwmP__5yGK58ZvC2AAAA: Sending packet PING data None
IwmP__5yGK58ZvC2AAAA: Received packet PONG data 
INFO:engineio.server:IwmP__5yGK58ZvC2AAAA: Received packet PONG data 
xhWre6iPzMSj_IhmAAAC: Sending packet PING data None
INFO:engineio.server:xhWre6iPzMSj_IhmAAAC: Sending packet PING data None
xhWre6iPzMSj_IhmAAAC: Received packet PONG data 
INFO:engineio.server:xhWre6iPzMSj_IhmAAAC: Received packet PONG data 
IwmP__5yGK58ZvC2AAAA: Sending packet PING data None
INFO:engineio.server:IwmP__5yGK58ZvC2AAAA: Sending packet PING data None
IwmP__5yGK58ZvC2AAAA: Received packet PONG data 
INFO:engineio.server:IwmP__5yGK58ZvC2AAAA: Received packet PONG data 
xhWre6iPzMSj_IhmAAAC: Sending packet PING data None
INFO:engineio.server:xhWre6iPzMSj_IhmAAAC: Sending packet PING data None
xhWre6iPzMSj_IhmAAAC: Received packet PONG data 
INFO:engineio.server:xhWre6iPzMSj_IhmAAAC: Received packet PONG data 
IwmP__5yGK58ZvC2AAAA: Sending packet PING data None
INFO:engineio.server:IwmP__5yGK58ZvC2AAAA: Sending packet PING data None
IwmP__5yGK58ZvC2AAAA: Received packet PONG data 
INFO:engineio.server:IwmP__5yGK58ZvC2AAAA: Received packet PONG data 
xhWre6iPzMSj_IhmAAAC: Sending packet PING data None
INFO:engineio.server:xhWre6iPzMSj_IhmAAAC: Sending packet PING data None
xhWre6iPzMSj_IhmAAAC: Received packet PONG data 
INFO:engineio.server:xhWre6iPzMSj_IhmAAAC: Received packet PONG data 
IwmP__5yGK58ZvC2AAAA: Sending packet PING data None
INFO:engineio.server:IwmP__5yGK58ZvC2AAAA: Sending packet PING data None
IwmP__5yGK58ZvC2AAAA: Received packet PONG data 
INFO:engineio.server:IwmP__5yGK58ZvC2AAAA: Received packet PONG data 
xhWre6iPzMSj_IhmAAAC: Sending packet PING data None
INFO:engineio.server:xhWre6iPzMSj_IhmAAAC: Sending packet PING data None
xhWre6iPzMSj_IhmAAAC: Received packet PONG data 
INFO:engineio.server:xhWre6iPzMSj_IhmAAAC: Received packet PONG data 
IwmP__5yGK58ZvC2AAAA: Sending packet PING data None
INFO:engineio.server:IwmP__5yGK58ZvC2AAAA: Sending packet PING data None
IwmP__5yGK58ZvC2AAAA: Received packet PONG data 
INFO:engineio.server:IwmP__5yGK58ZvC2AAAA: Received packet PONG data 
xhWre6iPzMSj_IhmAAAC: Sending packet PING data None
INFO:engineio.server:xhWre6iPzMSj_IhmAAAC: Sending packet PING data None
xhWre6iPzMSj_IhmAAAC: Received packet PONG data 
INFO:engineio.server:xhWre6iPzMSj_IhmAAAC: Received packet PONG data 
IwmP__5yGK58ZvC2AAAA: Sending packet PING data None
INFO:engineio.server:IwmP__5yGK58ZvC2AAAA: Sending packet PING data None
IwmP__5yGK58ZvC2AAAA: Received packet PONG data 
INFO:engineio.server:IwmP__5yGK58ZvC2AAAA: Received packet PONG data 
xhWre6iPzMSj_IhmAAAC: Sending packet PING data None
INFO:engineio.server:xhWre6iPzMSj_IhmAAAC: Sending packet PING data None
xhWre6iPzMSj_IhmAAAC: Received packet PONG data 
INFO:engineio.server:xhWre6iPzMSj_IhmAAAC: Received packet PONG data 
IwmP__5yGK58ZvC2AAAA: Sending packet PING data None
INFO:engineio.server:IwmP__5yGK58ZvC2AAAA: Sending packet PING data None
IwmP__5yGK58ZvC2AAAA: Received packet PONG data 
INFO:engineio.server:IwmP__5yGK58ZvC2AAAA: Received packet PONG data 
xhWre6iPzMSj_IhmAAAC: Sending packet PING data None
INFO:engineio.server:xhWre6iPzMSj_IhmAAAC: Sending packet PING data None
xhWre6iPzMSj_IhmAAAC: Received packet PONG data 
INFO:engineio.server:xhWre6iPzMSj_IhmAAAC: Received packet PONG data 
IwmP__5yGK58ZvC2AAAA: Sending packet PING data None
INFO:engineio.server:IwmP__5yGK58ZvC2AAAA: Sending packet PING data None
IwmP__5yGK58ZvC2AAAA: Received packet PONG data 
INFO:engineio.server:IwmP__5yGK58ZvC2AAAA: Received packet PONG data 
xhWre6iPzMSj_IhmAAAC: Sending packet PING data None
INFO:engineio.server:xhWre6iPzMSj_IhmAAAC: Sending packet PING data None
xhWre6iPzMSj_IhmAAAC: Received packet PONG data 
INFO:engineio.server:xhWre6iPzMSj_IhmAAAC: Received packet PONG data 
IwmP__5yGK58ZvC2AAAA: Sending packet PING data None
INFO:engineio.server:IwmP__5yGK58ZvC2AAAA: Sending packet PING data None
IwmP__5yGK58ZvC2AAAA: Received packet PONG data 
INFO:engineio.server:IwmP__5yGK58ZvC2AAAA: Received packet PONG data 
xhWre6iPzMSj_IhmAAAC: Sending packet PING data None
INFO:engineio.server:xhWre6iPzMSj_IhmAAAC: Sending packet PING data None
xhWre6iPzMSj_IhmAAAC: Received packet PONG data 
INFO:engineio.server:xhWre6iPzMSj_IhmAAAC: Received packet PONG data 
IwmP__5yGK58ZvC2AAAA: Sending packet PING data None
INFO:engineio.server:IwmP__5yGK58ZvC2AAAA: Sending packet PING data None
IwmP__5yGK58ZvC2AAAA: Received packet PONG data 
INFO:engineio.server:IwmP__5yGK58ZvC2AAAA: Received packet PONG data 
xhWre6iPzMSj_IhmAAAC: Sending packet PING data None
INFO:engineio.server:xhWre6iPzMSj_IhmAAAC: Sending packet PING data None
xhWre6iPzMSj_IhmAAAC: Received packet PONG data 
INFO:engineio.server:xhWre6iPzMSj_IhmAAAC: Received packet PONG data 
IwmP__5yGK58ZvC2AAAA: Sending packet PING data None
INFO:engineio.server:IwmP__5yGK58ZvC2AAAA: Sending packet PING data None
IwmP__5yGK58ZvC2AAAA: Received packet PONG data 
INFO:engineio.server:IwmP__5yGK58ZvC2AAAA: Received packet PONG data 
xhWre6iPzMSj_IhmAAAC: Sending packet PING data None
INFO:engineio.server:xhWre6iPzMSj_IhmAAAC: Sending packet PING data None
xhWre6iPzMSj_IhmAAAC: Received packet PONG data 
INFO:engineio.server:xhWre6iPzMSj_IhmAAAC: Received packet PONG data 
IwmP__5yGK58ZvC2AAAA: Sending packet PING data None
INFO:engineio.server:IwmP__5yGK58ZvC2AAAA: Sending packet PING data None
IwmP__5yGK58ZvC2AAAA: Received packet PONG data 
INFO:engineio.server:IwmP__5yGK58ZvC2AAAA: Received packet PONG data 
xhWre6iPzMSj_IhmAAAC: Sending packet PING data None
INFO:engineio.server:xhWre6iPzMSj_IhmAAAC: Sending packet PING data None
xhWre6iPzMSj_IhmAAAC: Received packet PONG data 
INFO:engineio.server:xhWre6iPzMSj_IhmAAAC: Received packet PONG data 
IwmP__5yGK58ZvC2AAAA: Sending packet PING data None
INFO:engineio.server:IwmP__5yGK58ZvC2AAAA: Sending packet PING data None
IwmP__5yGK58ZvC2AAAA: Received packet PONG data 
INFO:engineio.server:IwmP__5yGK58ZvC2AAAA: Received packet PONG data 
xhWre6iPzMSj_IhmAAAC: Sending packet PING data None
INFO:engineio.server:xhWre6iPzMSj_IhmAAAC: Sending packet PING data None
xhWre6iPzMSj_IhmAAAC: Received packet PONG data 
INFO:engineio.server:xhWre6iPzMSj_IhmAAAC: Received packet PONG data 
IwmP__5yGK58ZvC2AAAA: Sending packet PING data None
INFO:engineio.server:IwmP__5yGK58ZvC2AAAA: Sending packet PING data None
IwmP__5yGK58ZvC2AAAA: Received packet PONG data 
INFO:engineio.server:IwmP__5yGK58ZvC2AAAA: Received packet PONG data 
xhWre6iPzMSj_IhmAAAC: Sending packet PING data None
INFO:engineio.server:xhWre6iPzMSj_IhmAAAC: Sending packet PING data None
xhWre6iPzMSj_IhmAAAC: Received packet PONG data 
INFO:engineio.server:xhWre6iPzMSj_IhmAAAC: Received packet PONG data 
IwmP__5yGK58ZvC2AAAA: Sending packet PING data None
INFO:engineio.server:IwmP__5yGK58ZvC2AAAA: Sending packet PING data None
IwmP__5yGK58ZvC2AAAA: Received packet PONG data 
INFO:engineio.server:IwmP__5yGK58ZvC2AAAA: Received packet PONG data 
xhWre6iPzMSj_IhmAAAC: Sending packet PING data None
INFO:engineio.server:xhWre6iPzMSj_IhmAAAC: Sending packet PING data None
xhWre6iPzMSj_IhmAAAC: Received packet PONG data 
INFO:engineio.server:xhWre6iPzMSj_IhmAAAC: Received packet PONG data 
IwmP__5yGK58ZvC2AAAA: Sending packet PING data None
INFO:engineio.server:IwmP__5yGK58ZvC2AAAA: Sending packet PING data None
IwmP__5yGK58ZvC2AAAA: Received packet PONG data 
INFO:engineio.server:IwmP__5yGK58ZvC2AAAA: Received packet PONG data 
xhWre6iPzMSj_IhmAAAC: Sending packet PING data None
INFO:engineio.server:xhWre6iPzMSj_IhmAAAC: Sending packet PING data None
xhWre6iPzMSj_IhmAAAC: Received packet PONG data 
INFO:engineio.server:xhWre6iPzMSj_IhmAAAC: Received packet PONG data 
IwmP__5yGK58ZvC2AAAA: Sending packet PING data None
INFO:engineio.server:IwmP__5yGK58ZvC2AAAA: Sending packet PING data None
IwmP__5yGK58ZvC2AAAA: Received packet PONG data 
INFO:engineio.server:IwmP__5yGK58ZvC2AAAA: Received packet PONG data 
xhWre6iPzMSj_IhmAAAC: Sending packet PING data None
INFO:engineio.server:xhWre6iPzMSj_IhmAAAC: Sending packet PING data None
xhWre6iPzMSj_IhmAAAC: Received packet PONG data 
INFO:engineio.server:xhWre6iPzMSj_IhmAAAC: Received packet PONG data 
(11648) accepted ('127.0.0.1', 60759)
127.0.0.1 - - [01/Dec/2025 12:08:44] "GET /api/csrf-token HTTP/1.1" 200 1901 0.004997
INFO:app:╟ряЁюё ёыюЄют эр фрЄє: 2025-12-02
IwmP__5yGK58ZvC2AAAA: Sending packet PING data None
INFO:engineio.server:IwmP__5yGK58ZvC2AAAA: Sending packet PING data None
IwmP__5yGK58ZvC2AAAA: Received packet PONG data 
INFO:engineio.server:IwmP__5yGK58ZvC2AAAA: Received packet PONG data 
xhWre6iPzMSj_IhmAAAC: Sending packet PING data None
INFO:engineio.server:xhWre6iPzMSj_IhmAAAC: Sending packet PING data None
xhWre6iPzMSj_IhmAAAC: Received packet PONG data 
INFO:engineio.server:xhWre6iPzMSj_IhmAAAC: Received packet PONG data 
IwmP__5yGK58ZvC2AAAA: Sending packet PING data None
INFO:engineio.server:IwmP__5yGK58ZvC2AAAA: Sending packet PING data None
IwmP__5yGK58ZvC2AAAA: Received packet PONG data 
INFO:engineio.server:IwmP__5yGK58ZvC2AAAA: Received packet PONG data 
xhWre6iPzMSj_IhmAAAC: Sending packet PING data None
INFO:engineio.server:xhWre6iPzMSj_IhmAAAC: Sending packet PING data None
xhWre6iPzMSj_IhmAAAC: Received packet PONG data 
INFO:engineio.server:xhWre6iPzMSj_IhmAAAC: Received packet PONG data 
IwmP__5yGK58ZvC2AAAA: Sending packet PING data None
INFO:engineio.server:IwmP__5yGK58ZvC2AAAA: Sending packet PING data None
IwmP__5yGK58ZvC2AAAA: Received packet PONG data 
INFO:engineio.server:IwmP__5yGK58ZvC2AAAA: Received packet PONG data 
xhWre6iPzMSj_IhmAAAC: Sending packet PING data None
INFO:engineio.server:xhWre6iPzMSj_IhmAAAC: Sending packet PING data None
xhWre6iPzMSj_IhmAAAC: Received packet PONG data 
INFO:engineio.server:xhWre6iPzMSj_IhmAAAC: Received packet PONG data 
IwmP__5yGK58ZvC2AAAA: Sending packet PING data None
INFO:engineio.server:IwmP__5yGK58ZvC2AAAA: Sending packet PING data None
IwmP__5yGK58ZvC2AAAA: Received packet PONG data 
INFO:engineio.server:IwmP__5yGK58ZvC2AAAA: Received packet PONG data 
xhWre6iPzMSj_IhmAAAC: Sending packet PING data None
INFO:engineio.server:xhWre6iPzMSj_IhmAAAC: Sending packet PING data None
xhWre6iPzMSj_IhmAAAC: Received packet PONG data 
INFO:engineio.server:xhWre6iPzMSj_IhmAAAC: Received packet PONG data 
IwmP__5yGK58ZvC2AAAA: Sending packet PING data None
INFO:engineio.server:IwmP__5yGK58ZvC2AAAA: Sending packet PING data None
IwmP__5yGK58ZvC2AAAA: Received packet PONG data 
INFO:engineio.server:IwmP__5yGK58ZvC2AAAA: Received packet PONG data 
xhWre6iPzMSj_IhmAAAC: Sending packet PING data None
INFO:engineio.server:xhWre6iPzMSj_IhmAAAC: Sending packet PING data None
xhWre6iPzMSj_IhmAAAC: Received packet PONG data 
INFO:engineio.server:xhWre6iPzMSj_IhmAAAC: Received packet PONG data 
IwmP__5yGK58ZvC2AAAA: Sending packet PING data None
INFO:engineio.server:IwmP__5yGK58ZvC2AAAA: Sending packet PING data None
IwmP__5yGK58ZvC2AAAA: Received packet PONG data 
INFO:engineio.server:IwmP__5yGK58ZvC2AAAA: Received packet PONG data 
xhWre6iPzMSj_IhmAAAC: Sending packet PING data None
INFO:engineio.server:xhWre6iPzMSj_IhmAAAC: Sending packet PING data None
xhWre6iPzMSj_IhmAAAC: Received packet PONG data 
INFO:engineio.server:xhWre6iPzMSj_IhmAAAC: Received packet PONG data 
IwmP__5yGK58ZvC2AAAA: Sending packet PING data None
INFO:engineio.server:IwmP__5yGK58ZvC2AAAA: Sending packet PING data None
IwmP__5yGK58ZvC2AAAA: Received packet PONG data 
INFO:engineio.server:IwmP__5yGK58ZvC2AAAA: Received packet PONG data 
xhWre6iPzMSj_IhmAAAC: Sending packet PING data None
INFO:engineio.server:xhWre6iPzMSj_IhmAAAC: Sending packet PING data None
xhWre6iPzMSj_IhmAAAC: Received packet PONG data 
INFO:engineio.server:xhWre6iPzMSj_IhmAAAC: Received packet PONG data 
IwmP__5yGK58ZvC2AAAA: Sending packet PING data None
INFO:engineio.server:IwmP__5yGK58ZvC2AAAA: Sending packet PING data None
IwmP__5yGK58ZvC2AAAA: Received packet PONG data 
INFO:engineio.server:IwmP__5yGK58ZvC2AAAA: Received packet PONG data 
xhWre6iPzMSj_IhmAAAC: Sending packet PING data None
INFO:engineio.server:xhWre6iPzMSj_IhmAAAC: Sending packet PING data None
xhWre6iPzMSj_IhmAAAC: Received packet PONG data 
INFO:engineio.server:xhWre6iPzMSj_IhmAAAC: Received packet PONG data 
IwmP__5yGK58ZvC2AAAA: Sending packet PING data None
INFO:engineio.server:IwmP__5yGK58ZvC2AAAA: Sending packet PING data None
IwmP__5yGK58ZvC2AAAA: Received packet PONG data 
INFO:engineio.server:IwmP__5yGK58ZvC2AAAA: Received packet PONG data 
xhWre6iPzMSj_IhmAAAC: Sending packet PING data None
INFO:engineio.server:xhWre6iPzMSj_IhmAAAC: Sending packet PING data None
xhWre6iPzMSj_IhmAAAC: Received packet PONG data 
INFO:engineio.server:xhWre6iPzMSj_IhmAAAC: Received packet PONG data 
IwmP__5yGK58ZvC2AAAA: Sending packet PING data None
INFO:engineio.server:IwmP__5yGK58ZvC2AAAA: Sending packet PING data None
IwmP__5yGK58ZvC2AAAA: Received packet PONG data 
INFO:engineio.server:IwmP__5yGK58ZvC2AAAA: Received packet PONG data 
xhWre6iPzMSj_IhmAAAC: Sending packet PING data None
INFO:engineio.server:xhWre6iPzMSj_IhmAAAC: Sending packet PING data None
xhWre6iPzMSj_IhmAAAC: Received packet PONG data 
INFO:engineio.server:xhWre6iPzMSj_IhmAAAC: Received packet PONG data 
IwmP__5yGK58ZvC2AAAA: Sending packet PING data None
INFO:engineio.server:IwmP__5yGK58ZvC2AAAA: Sending packet PING data None
IwmP__5yGK58ZvC2AAAA: Received packet PONG data 
INFO:engineio.server:IwmP__5yGK58ZvC2AAAA: Received packet PONG data 
xhWre6iPzMSj_IhmAAAC: Sending packet PING data None
INFO:engineio.server:xhWre6iPzMSj_IhmAAAC: Sending packet PING data None
xhWre6iPzMSj_IhmAAAC: Received packet PONG data 
INFO:engineio.server:xhWre6iPzMSj_IhmAAAC: Received packet PONG data 
IwmP__5yGK58ZvC2AAAA: Sending packet PING data None
INFO:engineio.server:IwmP__5yGK58ZvC2AAAA: Sending packet PING data None
IwmP__5yGK58ZvC2AAAA: Received packet PONG data 
INFO:engineio.server:IwmP__5yGK58ZvC2AAAA: Received packet PONG data 
xhWre6iPzMSj_IhmAAAC: Sending packet PING data None
INFO:engineio.server:xhWre6iPzMSj_IhmAAAC: Sending packet PING data None
xhWre6iPzMSj_IhmAAAC: Received packet PONG data 
INFO:engineio.server:xhWre6iPzMSj_IhmAAAC: Received packet PONG data 
IwmP__5yGK58ZvC2AAAA: Sending packet PING data None
INFO:engineio.server:IwmP__5yGK58ZvC2AAAA: Sending packet PING data None
IwmP__5yGK58ZvC2AAAA: Received packet PONG data 
INFO:engineio.server:IwmP__5yGK58ZvC2AAAA: Received packet PONG data 
xhWre6iPzMSj_IhmAAAC: Sending packet PING data None
INFO:engineio.server:xhWre6iPzMSj_IhmAAAC: Sending packet PING data None
xhWre6iPzMSj_IhmAAAC: Received packet PONG data 
INFO:engineio.server:xhWre6iPzMSj_IhmAAAC: Received packet PONG data 
IwmP__5yGK58ZvC2AAAA: Sending packet PING data None
INFO:engineio.server:IwmP__5yGK58ZvC2AAAA: Sending packet PING data None
IwmP__5yGK58ZvC2AAAA: Received packet PONG data 
INFO:engineio.server:IwmP__5yGK58ZvC2AAAA: Received packet PONG data 
xhWre6iPzMSj_IhmAAAC: Sending packet PING data None
INFO:engineio.server:xhWre6iPzMSj_IhmAAAC: Sending packet PING data None
xhWre6iPzMSj_IhmAAAC: Received packet PONG data 
INFO:engineio.server:xhWre6iPzMSj_IhmAAAC: Received packet PONG data 
IwmP__5yGK58ZvC2AAAA: Sending packet PING data None
INFO:engineio.server:IwmP__5yGK58ZvC2AAAA: Sending packet PING data None
IwmP__5yGK58ZvC2AAAA: Received packet PONG data 
INFO:engineio.server:IwmP__5yGK58ZvC2AAAA: Received packet PONG data 
xhWre6iPzMSj_IhmAAAC: Sending packet PING data None
INFO:engineio.server:xhWre6iPzMSj_IhmAAAC: Sending packet PING data None
xhWre6iPzMSj_IhmAAAC: Received packet PONG data 
INFO:engineio.server:xhWre6iPzMSj_IhmAAAC: Received packet PONG data 
IwmP__5yGK58ZvC2AAAA: Sending packet PING data None
INFO:engineio.server:IwmP__5yGK58ZvC2AAAA: Sending packet PING data None
IwmP__5yGK58ZvC2AAAA: Received packet PONG data 
INFO:engineio.server:IwmP__5yGK58ZvC2AAAA: Received packet PONG data 
xhWre6iPzMSj_IhmAAAC: Sending packet PING data None
INFO:engineio.server:xhWre6iPzMSj_IhmAAAC: Sending packet PING data None
xhWre6iPzMSj_IhmAAAC: Received packet PONG data 
INFO:engineio.server:xhWre6iPzMSj_IhmAAAC: Received packet PONG data 
IwmP__5yGK58ZvC2AAAA: Sending packet PING data None
INFO:engineio.server:IwmP__5yGK58ZvC2AAAA: Sending packet PING data None
IwmP__5yGK58ZvC2AAAA: Received packet PONG data 
INFO:engineio.server:IwmP__5yGK58ZvC2AAAA: Received packet PONG data 
xhWre6iPzMSj_IhmAAAC: Sending packet PING data None
INFO:engineio.server:xhWre6iPzMSj_IhmAAAC: Sending packet PING data None
xhWre6iPzMSj_IhmAAAC: Received packet PONG data 
INFO:engineio.server:xhWre6iPzMSj_IhmAAAC: Received packet PONG data 
