INFO:app.patches.dns_patch:DNS patch applied successfully
Traceback (most recent call last):
  File "E:\╧ЁюхъЄ√ MyWave\Site_MyWave\main.py", line 5, in <module>
    from app import create_app, socketio
  File "E:\╧ЁюхъЄ√ MyWave\Site_MyWave\app\__init__.py", line 28, in <module>
    from app.routes.calendar_routes import calendar_bp
  File "E:\╧ЁюхъЄ√ MyWave\Site_MyWave\app\routes\__init__.py", line 2, in <module>
    from .auth import auth_bp
  File "E:\╧ЁюхъЄ√ MyWave\Site_MyWave\app\routes\auth.py", line 6, in <module>
    from app.modules.sheets import append_row
  File "E:\╧ЁюхъЄ√ MyWave\Site_MyWave\app\modules\sheets.py", line 8, in <module>
    from app.modules.sheets_access import get_google_sheet
  File "E:\╧ЁюхъЄ√ MyWave\Site_MyWave\app\modules\sheets_access.py", line 6, in <module>
    from app.modules.logger import logger
  File "E:\╧ЁюхъЄ√ MyWave\Site_MyWave\app\modules\logger.py", line 39, in <module>
    logger = get_logger(__name__)
             ^^^^^^^^^^^^^^^^^^^^
  File "E:\╧ЁюхъЄ√ MyWave\Site_MyWave\app\modules\logger.py", line 14, in get_logger
    handler = TimedRotatingFileHandler(
              ^^^^^^^^^^^^^^^^^^^^^^^^^
  File "C:\Users\X230\AppData\Local\Programs\Python\Python311\Lib\logging\handlers.py", line 214, in __init__
    BaseRotatingHandler.__init__(self, filename, 'a', encoding=encoding,
  File "C:\Users\X230\AppData\Local\Programs\Python\Python311\Lib\logging\handlers.py", line 58, in __init__
    logging.FileHandler.__init__(self, filename, mode=mode,
  File "C:\Users\X230\AppData\Local\Programs\Python\Python311\Lib\logging\__init__.py", line 1181, in __init__
    StreamHandler.__init__(self, self._open())
                                 ^^^^^^^^^^^^
  File "C:\Users\X230\AppData\Local\Programs\Python\Python311\Lib\logging\__init__.py", line 1213, in _open
    return open_func(self.baseFilename, self.mode,
           ^^^^^^^^^^^^^^^^^^^^^^^^^^^^^^^^^^^^^^^
PermissionError: [Errno 13] Permission denied: 'E:\\╧ЁюхъЄ√ MyWave\\Site_MyWave\\logs\\app.log'
TEST LOG ENTRY 11/18/2025 14:04:59
PS_WRITE_TEST 11/18/2025 14:05:55
